Archive member included to satisfy reference by file (symbol)

c:/eclipse/gnu tools arm embedded/7 2017-q4-major/bin/../lib/gcc/arm-none-eabi/7.2.1/../../../../arm-none-eabi/lib/thumb/v7-m\libc.a(lib_a-exit.o)
                              c:/eclipse/gnu tools arm embedded/7 2017-q4-major/bin/../lib/gcc/arm-none-eabi/7.2.1/../../../../arm-none-eabi/lib/thumb/v7-m/rdimon-crt0.o (exit)
c:/eclipse/gnu tools arm embedded/7 2017-q4-major/bin/../lib/gcc/arm-none-eabi/7.2.1/../../../../arm-none-eabi/lib/thumb/v7-m\libc.a(lib_a-impure.o)
                              c:/eclipse/gnu tools arm embedded/7 2017-q4-major/bin/../lib/gcc/arm-none-eabi/7.2.1/../../../../arm-none-eabi/lib/thumb/v7-m\libc.a(lib_a-exit.o) (_global_impure_ptr)
c:/eclipse/gnu tools arm embedded/7 2017-q4-major/bin/../lib/gcc/arm-none-eabi/7.2.1/../../../../arm-none-eabi/lib/thumb/v7-m\libc.a(lib_a-init.o)
                              c:/eclipse/gnu tools arm embedded/7 2017-q4-major/bin/../lib/gcc/arm-none-eabi/7.2.1/../../../../arm-none-eabi/lib/thumb/v7-m/rdimon-crt0.o (__libc_init_array)
c:/eclipse/gnu tools arm embedded/7 2017-q4-major/bin/../lib/gcc/arm-none-eabi/7.2.1/../../../../arm-none-eabi/lib/thumb/v7-m\libc.a(lib_a-memset.o)
                              c:/eclipse/gnu tools arm embedded/7 2017-q4-major/bin/../lib/gcc/arm-none-eabi/7.2.1/../../../../arm-none-eabi/lib/thumb/v7-m/rdimon-crt0.o (memset)
c:/eclipse/gnu tools arm embedded/7 2017-q4-major/bin/../lib/gcc/arm-none-eabi/7.2.1/../../../../arm-none-eabi/lib/thumb/v7-m\libc.a(lib_a-__call_atexit.o)
                              c:/eclipse/gnu tools arm embedded/7 2017-q4-major/bin/../lib/gcc/arm-none-eabi/7.2.1/../../../../arm-none-eabi/lib/thumb/v7-m\libc.a(lib_a-exit.o) (__call_exitprocs)
c:/eclipse/gnu tools arm embedded/7 2017-q4-major/bin/../lib/gcc/arm-none-eabi/7.2.1/../../../../arm-none-eabi/lib/thumb/v7-m\libc.a(lib_a-atexit.o)
                              c:/eclipse/gnu tools arm embedded/7 2017-q4-major/bin/../lib/gcc/arm-none-eabi/7.2.1/../../../../arm-none-eabi/lib/thumb/v7-m\libc.a(lib_a-__call_atexit.o) (atexit)
c:/eclipse/gnu tools arm embedded/7 2017-q4-major/bin/../lib/gcc/arm-none-eabi/7.2.1/../../../../arm-none-eabi/lib/thumb/v7-m\libc.a(lib_a-fini.o)
                              c:/eclipse/gnu tools arm embedded/7 2017-q4-major/bin/../lib/gcc/arm-none-eabi/7.2.1/../../../../arm-none-eabi/lib/thumb/v7-m\libc.a(lib_a-__call_atexit.o) (__libc_fini_array)
c:/eclipse/gnu tools arm embedded/7 2017-q4-major/bin/../lib/gcc/arm-none-eabi/7.2.1/../../../../arm-none-eabi/lib/thumb/v7-m\libc.a(lib_a-lock.o)
                              c:/eclipse/gnu tools arm embedded/7 2017-q4-major/bin/../lib/gcc/arm-none-eabi/7.2.1/../../../../arm-none-eabi/lib/thumb/v7-m\libc.a(lib_a-__call_atexit.o) (__retarget_lock_acquire_recursive)
c:/eclipse/gnu tools arm embedded/7 2017-q4-major/bin/../lib/gcc/arm-none-eabi/7.2.1/../../../../arm-none-eabi/lib/thumb/v7-m\libc.a(lib_a-__atexit.o)
                              c:/eclipse/gnu tools arm embedded/7 2017-q4-major/bin/../lib/gcc/arm-none-eabi/7.2.1/../../../../arm-none-eabi/lib/thumb/v7-m\libc.a(lib_a-atexit.o) (__register_exitproc)
c:/eclipse/gnu tools arm embedded/7 2017-q4-major/bin/../lib/gcc/arm-none-eabi/7.2.1/../../../../arm-none-eabi/lib/thumb/v7-m\librdimon.a(rdimon-syscalls.o)
                              c:/eclipse/gnu tools arm embedded/7 2017-q4-major/bin/../lib/gcc/arm-none-eabi/7.2.1/../../../../arm-none-eabi/lib/thumb/v7-m/rdimon-crt0.o (initialise_monitor_handles)
c:/eclipse/gnu tools arm embedded/7 2017-q4-major/bin/../lib/gcc/arm-none-eabi/7.2.1/../../../../arm-none-eabi/lib/thumb/v7-m\librdimon.a(rdimon-_exit.o)
                              c:/eclipse/gnu tools arm embedded/7 2017-q4-major/bin/../lib/gcc/arm-none-eabi/7.2.1/../../../../arm-none-eabi/lib/thumb/v7-m\libc.a(lib_a-exit.o) (_exit)
c:/eclipse/gnu tools arm embedded/7 2017-q4-major/bin/../lib/gcc/arm-none-eabi/7.2.1/../../../../arm-none-eabi/lib/thumb/v7-m\librdimon.a(rdimon-_kill.o)
                              c:/eclipse/gnu tools arm embedded/7 2017-q4-major/bin/../lib/gcc/arm-none-eabi/7.2.1/../../../../arm-none-eabi/lib/thumb/v7-m\librdimon.a(rdimon-_exit.o) (_kill)
c:/eclipse/gnu tools arm embedded/7 2017-q4-major/bin/../lib/gcc/arm-none-eabi/7.2.1/../../../../arm-none-eabi/lib/thumb/v7-m\libc.a(lib_a-errno.o)
                              c:/eclipse/gnu tools arm embedded/7 2017-q4-major/bin/../lib/gcc/arm-none-eabi/7.2.1/../../../../arm-none-eabi/lib/thumb/v7-m\librdimon.a(rdimon-syscalls.o) (__errno)
c:/eclipse/gnu tools arm embedded/7 2017-q4-major/bin/../lib/gcc/arm-none-eabi/7.2.1/../../../../arm-none-eabi/lib/thumb/v7-m\libc.a(lib_a-findfp.o)
                              c:/eclipse/gnu tools arm embedded/7 2017-q4-major/bin/../lib/gcc/arm-none-eabi/7.2.1/../../../../arm-none-eabi/lib/thumb/v7-m\librdimon.a(rdimon-syscalls.o) (__sinit)
[...]
Memory Configuration

Name             Origin             Length             Attributes
RAM              0x20000000         0x00005000         xrw
ROM              0x08000000         0x00010000         xr
*default*        0x00000000         0xffffffff

Linker script and memory map

LOAD c:/eclipse/gnu tools arm embedded/7 2017-q4-major/bin/../lib/gcc/arm-none-eabi/7.2.1/thumb/v7-m/crti.o
LOAD c:/eclipse/gnu tools arm embedded/7 2017-q4-major/bin/../lib/gcc/arm-none-eabi/7.2.1/thumb/v7-m/crtbegin.o
LOAD c:/eclipse/gnu tools arm embedded/7 2017-q4-major/bin/../lib/gcc/arm-none-eabi/7.2.1/../../../../arm-none-eabi/lib/thumb/v7-m/rdimon-crt0.o
START GROUP
LOAD c:/eclipse/gnu tools arm embedded/7 2017-q4-major/bin/../lib/gcc/arm-none-eabi/7.2.1/thumb/v7-m\libgcc.a
LOAD c:/eclipse/gnu tools arm embedded/7 2017-q4-major/bin/../lib/gcc/arm-none-eabi/7.2.1/../../../../arm-none-eabi/lib/thumb/v7-m\libc.a
LOAD c:/eclipse/gnu tools arm embedded/7 2017-q4-major/bin/../lib/gcc/arm-none-eabi/7.2.1/../../../../arm-none-eabi/lib/thumb/v7-m\libc.a
LOAD c:/eclipse/gnu tools arm embedded/7 2017-q4-major/bin/../lib/gcc/arm-none-eabi/7.2.1/../../../../arm-none-eabi/lib/thumb/v7-m\libm.a
LOAD c:/eclipse/gnu tools arm embedded/7 2017-q4-major/bin/../lib/gcc/arm-none-eabi/7.2.1/../../../../arm-none-eabi/lib/thumb/v7-m\librdimon.a
END GROUP
LOAD ./startup/startup_stm32f10x_md.o
LOAD ./src/LCD5110S.o
LOAD ./src/main.o
LOAD ./src/spi.o
LOAD ./StdPeriph_Driver/src/misc.o
LOAD ./StdPeriph_Driver/src/stm32f10x_adc.o
LOAD ./StdPeriph_Driver/src/stm32f10x_bkp.o
LOAD ./StdPeriph_Driver/src/stm32f10x_can.o
LOAD ./StdPeriph_Driver/src/stm32f10x_cec.o
LOAD ./StdPeriph_Driver/src/stm32f10x_crc.o
LOAD ./StdPeriph_Driver/src/stm32f10x_dac.o
LOAD ./StdPeriph_Driver/src/stm32f10x_dbgmcu.o
LOAD ./StdPeriph_Driver/src/stm32f10x_dma.o
LOAD ./StdPeriph_Driver/src/stm32f10x_exti.o
LOAD ./StdPeriph_Driver/src/stm32f10x_flash.o
LOAD ./StdPeriph_Driver/src/stm32f10x_fsmc.o
LOAD ./StdPeriph_Driver/src/stm32f10x_gpio.o
LOAD ./StdPeriph_Driver/src/stm32f10x_i2c.o
LOAD ./StdPeriph_Driver/src/stm32f10x_iwdg.o
LOAD ./StdPeriph_Driver/src/stm32f10x_pwr.o
LOAD ./StdPeriph_Driver/src/stm32f10x_rcc.o
LOAD ./StdPeriph_Driver/src/stm32f10x_rtc.o
LOAD ./StdPeriph_Driver/src/stm32f10x_sdio.o
LOAD ./StdPeriph_Driver/src/stm32f10x_spi.o
LOAD ./StdPeriph_Driver/src/stm32f10x_tim.o
LOAD ./StdPeriph_Driver/src/stm32f10x_usart.o
LOAD ./StdPeriph_Driver/src/stm32f10x_wwdg.o
LOAD ./CMSIS/device/system_stm32f10x.o
LOAD ./CMSIS/core/core_cm3.o
START GROUP
LOAD c:/eclipse/gnu tools arm embedded/7 2017-q4-major/bin/../lib/gcc/arm-none-eabi/7.2.1/thumb/v7-m\libgcc.a
LOAD c:/eclipse/gnu tools arm embedded/7 2017-q4-major/bin/../lib/gcc/arm-none-eabi/7.2.1/../../../../arm-none-eabi/lib/thumb/v7-m\libg.a
LOAD c:/eclipse/gnu tools arm embedded/7 2017-q4-major/bin/../lib/gcc/arm-none-eabi/7.2.1/../../../../arm-none-eabi/lib/thumb/v7-m\libc.a
END GROUP
START GROUP
LOAD c:/eclipse/gnu tools arm embedded/7 2017-q4-major/bin/../lib/gcc/arm-none-eabi/7.2.1/thumb/v7-m\libgcc.a
LOAD c:/eclipse/gnu tools arm embedded/7 2017-q4-major/bin/../lib/gcc/arm-none-eabi/7.2.1/../../../../arm-none-eabi/lib/thumb/v7-m\libc.a
LOAD c:/eclipse/gnu tools arm embedded/7 2017-q4-major/bin/../lib/gcc/arm-none-eabi/7.2.1/../../../../arm-none-eabi/lib/thumb/v7-m\librdimon.a
END GROUP
LOAD c:/eclipse/gnu tools arm embedded/7 2017-q4-major/bin/../lib/gcc/arm-none-eabi/7.2.1/thumb/v7-m/crtend.o
LOAD c:/eclipse/gnu tools arm embedded/7 2017-q4-major/bin/../lib/gcc/arm-none-eabi/7.2.1/thumb/v7-m/crtn.o
                0x20005000                _estack = 0x20005000
                0x00000000                _Min_Heap_Size = 0x0
                0x00000400                _Min_Stack_Size = 0x400

.isr_vector     0x08000000      0x10c
                0x08000000                . = ALIGN (0x4)
 *(.isr_vector)
 .isr_vector    0x08000000      0x10c ./startup/startup_stm32f10x_md.o
                0x08000000                g_pfnVectors
                0x0800010c                . = ALIGN (0x4)

.text           0x0800010c     0x153c
                0x0800010c                . = ALIGN (0x4)
 *(.text)
 .text          0x0800010c       0x40 c:/eclipse/gnu tools arm embedded/7 2017-q4-major/bin/../lib/gcc/arm-none-eabi/7.2.1/thumb/v7-m/crtbegin.o
 *(.text*)
 .text.startup.register_fini
                0x0800014c       0x14 c:/eclipse/gnu tools arm embedded/7 2017-q4-major/bin/../lib/gcc/arm-none-eabi/7.2.1/../../../../arm-none-eabi/lib/thumb/v7-m\libc.a(lib_a-__call_atexit.o)
 .text.atexit   0x08000160        0xc c:/eclipse/gnu tools arm embedded/7 2017-q4-major/bin/../lib/gcc/arm-none-eabi/7.2.1/../../../../arm-none-eabi/lib/thumb/v7-m\libc.a(lib_a-atexit.o)
                0x08000160                atexit
 .text.__libc_fini_array
                0x0800016c       0x34 c:/eclipse/gnu tools arm embedded/7 2017-q4-major/bin/../lib/gcc/arm-none-eabi/7.2.1/../../../../arm-none-eabi/lib/thumb/v7-m\libc.a(lib_a-fini.o)
                0x0800016c                __libc_fini_array
 .text.__retarget_lock_acquire_recursive
                0x080001a0        0x4 c:/eclipse/gnu tools arm embedded/7 2017-q4-major/bin/../lib/gcc/arm-none-eabi/7.2.1/../../../../arm-none-eabi/lib/thumb/v7-m\libc.a(lib_a-lock.o)
                0x080001a0                __retarget_lock_acquire_recursive
 .text.__retarget_lock_release_recursive
                0x080001a4        0x4 c:/eclipse/gnu tools arm embedded/7 2017-q4-major/bin/../lib/gcc/arm-none-eabi/7.2.1/../../../../arm-none-eabi/lib/thumb/v7-m\libc.a(lib_a-lock.o)
                0x080001a4                __retarget_lock_release_recursive
 .text.__register_exitproc
                0x080001a8       0xc0 c:/eclipse/gnu tools arm embedded/7 2017-q4-major/bin/../lib/gcc/arm-none-eabi/7.2.1/../../../../arm-none-eabi/lib/thumb/v7-m\libc.a(lib_a-__atexit.o)
                0x080001a8                __register_exitproc
 .text.Reset_Handler
                0x08000268       0x44 ./startup/startup_stm32f10x_md.o
                0x08000268                Reset_Handler
 .text.Default_Handler
                0x080002ac        0x2 ./startup/startup_stm32f10x_md.o
                0x080002ac                EXTI2_IRQHandler
                0x080002ac                DebugMon_Handler
                0x080002ac                TIM1_CC_IRQHandler
                0x080002ac                HardFault_Handler
                0x080002ac                PVD_IRQHandler
                0x080002ac                PendSV_Handler
                0x080002ac                NMI_Handler
                0x080002ac                EXTI3_IRQHandler
                0x080002ac                EXTI0_IRQHandler
                0x080002ac                I2C2_EV_IRQHandler
                0x080002ac                UsageFault_Handler
                0x080002ac                ADC1_2_IRQHandler
                0x080002ac                SPI1_IRQHandler
                0x080002ac                TAMPER_IRQHandler
                0x080002ac                DMA1_Channel4_IRQHandler
                0x080002ac                USART3_IRQHandler
                0x080002ac                RTC_IRQHandler
                0x080002ac                DMA1_Channel7_IRQHandler
                0x080002ac                CAN1_RX1_IRQHandler
                0x080002ac                TIM4_IRQHandler
                0x080002ac                I2C1_EV_IRQHandler
                0x080002ac                DMA1_Channel6_IRQHandler
                0x080002ac                TIM3_IRQHandler
                0x080002ac                RCC_IRQHandler
                0x080002ac                TIM1_TRG_COM_IRQHandler
                0x080002ac                DMA1_Channel1_IRQHandler
                0x080002ac                Default_Handler
                0x080002ac                EXTI15_10_IRQHandler
                0x080002ac                EXTI9_5_IRQHandler
                0x080002ac                SPI2_IRQHandler
                0x080002ac                MemManage_Handler
                0x080002ac                SVC_Handler
                0x080002ac                DMA1_Channel5_IRQHandler
                0x080002ac                EXTI4_IRQHandler
                0x080002ac                USB_LP_CAN1_RX0_IRQHandler
                0x080002ac                USB_HP_CAN1_TX_IRQHandler
                0x080002ac                DMA1_Channel3_IRQHandler
                0x080002ac                TIM1_UP_IRQHandler
                0x080002ac                WWDG_IRQHandler
                0x080002ac                TIM2_IRQHandler
                0x080002ac                TIM1_BRK_IRQHandler
                0x080002ac                EXTI1_IRQHandler
                0x080002ac                RTCAlarm_IRQHandler
                0x080002ac                USART2_IRQHandler
                0x080002ac                I2C2_ER_IRQHandler
                0x080002ac                DMA1_Channel2_IRQHandler
                0x080002ac                CAN1_SCE_IRQHandler
                0x080002ac                FLASH_IRQHandler
                0x080002ac                BusFault_Handler
                0x080002ac                USART1_IRQHandler
                0x080002ac                I2C1_ER_IRQHandler
                0x080002ac                USBWakeUp_IRQHandler
 *fill*         0x080002ae        0x2 
 .text.LcdInitialize
                0x080002b0       0xec ./src/LCD5110S.o
                0x080002b0                LcdInitialize
 .text.LcdCharacter
                0x0800039c       0x60 ./src/LCD5110S.o
                0x0800039c                LcdCharacter
 .text.LcdCharacterX2
                0x080003fc      0x114 ./src/LCD5110S.o
                0x080003fc                LcdCharacterX2
 .text.LcdStringX2
                0x08000510       0x46 ./src/LCD5110S.o
                0x08000510                LcdStringX2
 .text.LcdClear
                0x08000556       0x2a ./src/LCD5110S.o
                0x08000556                LcdClear
 .text.LcdString
                0x08000580       0x2c ./src/LCD5110S.o
                0x08000580                LcdString
 .text.LcdWrite
                0x080005ac       0x54 ./src/LCD5110S.o
                0x080005ac                LcdWrite
 .text.LcdBmp   0x08000600       0x38 ./src/LCD5110S.o
                0x08000600                LcdBmp
 .text.LCD_GotoXY
                0x08000638       0x38 ./src/LCD5110S.o
                0x08000638                LCD_GotoXY
 .text.us_delay
                0x08000670       0x1e ./src/LCD5110S.o
                0x08000670                us_delay
 *fill*         0x0800068e        0x2 
 .text.EnableCoreTiming
                0x08000690       0x54 ./src/LCD5110S.o
                0x08000690                EnableCoreTiming
 .text.CoreTimingDelay
                0x080006e4       0x34 ./src/LCD5110S.o
                0x080006e4                CoreTimingDelay
 .text.NVIC_SetPriority
                0x08000718       0x54 ./src/main.o
 .text.SysTick_Config
                0x0800076c       0x44 ./src/main.o
 .text.main     0x080007b0       0xec ./src/main.o
                0x080007b0                main
 .text.showMenu
                0x0800089c       0x50 ./src/main.o
                0x0800089c                showMenu
 .text.processMenuCmd
                0x080008ec      0x290 ./src/main.o
                0x080008ec                processMenuCmd
 .text.SetupUSART
                0x08000b7c       0x7c ./src/main.o
                0x08000b7c                SetupUSART
 .text.USART_PutChar
                0x08000bf8       0x34 ./src/main.o
                0x08000bf8                USART_PutChar
 .text.USART_PutStr
                0x08000c2c       0x2e ./src/main.o
                0x08000c2c                USART_PutStr
 *fill*         0x08000c5a        0x2 
 .text.Delay_us
                0x08000c5c       0x34 ./src/main.o
                0x08000c5c                Delay_us
 .text.Delay_ms
                0x08000c90       0x20 ./src/main.o
                0x08000c90                Delay_ms
 .text.SysTick_Handler
                0x08000cb0       0x58 ./src/main.o
                0x08000cb0                SysTick_Handler
 .text.spiInit  0x08000d08       0xcc ./src/spi.o
                0x08000d08                spiInit
 .text.spiWrite8
                0x08000dd4       0x40 ./src/spi.o
                0x08000dd4                spiWrite8
 .text.GPIO_Init
                0x08000e14      0x178 ./StdPeriph_Driver/src/stm32f10x_gpio.o
                0x08000e14                GPIO_Init
 .text.GPIO_StructInit
                0x08000f8c       0x26 ./StdPeriph_Driver/src/stm32f10x_gpio.o
                0x08000f8c                GPIO_StructInit
 .text.GPIO_SetBits
                0x08000fb2       0x1c ./StdPeriph_Driver/src/stm32f10x_gpio.o
                0x08000fb2                GPIO_SetBits
 .text.GPIO_ResetBits
                0x08000fce       0x1c ./StdPeriph_Driver/src/stm32f10x_gpio.o
                0x08000fce                GPIO_ResetBits
 *fill*         0x08000fea        0x2 
 .text.RCC_GetClocksFreq
                0x08000fec      0x160 ./StdPeriph_Driver/src/stm32f10x_rcc.o
                0x08000fec                RCC_GetClocksFreq
 .text.RCC_APB2PeriphClockCmd
                0x0800114c       0x3c ./StdPeriph_Driver/src/stm32f10x_rcc.o
                0x0800114c                RCC_APB2PeriphClockCmd
 .text.SPI_Init
                0x08001188       0x86 ./StdPeriph_Driver/src/stm32f10x_spi.o
                0x08001188                SPI_Init
 .text.SPI_StructInit
                0x0800120e       0x48 ./StdPeriph_Driver/src/stm32f10x_spi.o
                0x0800120e                SPI_StructInit
 .text.SPI_Cmd  0x08001256       0x3e ./StdPeriph_Driver/src/stm32f10x_spi.o
                0x08001256                SPI_Cmd
 .text.USART_Init
                0x08001294      0x174 ./StdPeriph_Driver/src/stm32f10x_usart.o
                0x08001294                USART_Init
 .text.USART_Cmd
                0x08001408       0x3e ./StdPeriph_Driver/src/stm32f10x_usart.o
                0x08001408                USART_Cmd
 .text.USART_SendData
                0x08001446       0x22 ./StdPeriph_Driver/src/stm32f10x_usart.o
                0x08001446                USART_SendData
 .text.USART_ReceiveData
                0x08001468       0x1e ./StdPeriph_Driver/src/stm32f10x_usart.o
                0x08001468                USART_ReceiveData
 .text.USART_GetFlagStatus
                0x08001486       0x36 ./StdPeriph_Driver/src/stm32f10x_usart.o
                0x08001486                USART_GetFlagStatus
 .text.SystemInit
                0x080014bc       0x68 ./CMSIS/device/system_stm32f10x.o
                0x080014bc                SystemInit
 .text.SetSysClock
                0x08001524        0xc ./CMSIS/device/system_stm32f10x.o
 .text.SetSysClockTo72
                0x08001530      0x100 ./CMSIS/device/system_stm32f10x.o
 *(.glue_7)
 .glue_7        0x08001630        0x0 linker stubs
 *(.glue_7t)
 .glue_7t       0x08001630        0x0 linker stubs
 *(.eh_frame)
 .eh_frame      0x08001630        0x0 c:/eclipse/gnu tools arm embedded/7 2017-q4-major/bin/../lib/gcc/arm-none-eabi/7.2.1/thumb/v7-m/crtbegin.o
 *(.init)
 .init          0x08001630        0x4 c:/eclipse/gnu tools arm embedded/7 2017-q4-major/bin/../lib/gcc/arm-none-eabi/7.2.1/thumb/v7-m/crti.o
                0x08001630                _init
 .init          0x08001634        0x8 c:/eclipse/gnu tools arm embedded/7 2017-q4-major/bin/../lib/gcc/arm-none-eabi/7.2.1/thumb/v7-m/crtn.o
 *(.fini)
 .fini          0x0800163c        0x4 c:/eclipse/gnu tools arm embedded/7 2017-q4-major/bin/../lib/gcc/arm-none-eabi/7.2.1/thumb/v7-m/crti.o
                0x0800163c                _fini
 .fini          0x08001640        0x8 c:/eclipse/gnu tools arm embedded/7 2017-q4-major/bin/../lib/gcc/arm-none-eabi/7.2.1/thumb/v7-m/crtn.o
                0x08001648                . = ALIGN (0x4)
                0x08001648                _etext = .

.vfp11_veneer   0x08001648        0x0
 .vfp11_veneer  0x08001648        0x0 linker stubs

.v4_bx          0x08001648        0x0
 .v4_bx         0x08001648        0x0 linker stubs

.iplt           0x08001648        0x0
 .iplt          0x08001648        0x0 c:/eclipse/gnu tools arm embedded/7 2017-q4-major/bin/../lib/gcc/arm-none-eabi/7.2.1/thumb/v7-m/crtbegin.o

.rodata         0x08001648      0x55c
                0x08001648                . = ALIGN (0x4)
 *(.rodata)
 .rodata        0x08001648      0x17d ./src/main.o
 *(.rodata*)
 *fill*         0x080017c5        0x3 
 .rodata._global_impure_ptr
                0x080017c8        0x4 c:/eclipse/gnu tools arm embedded/7 2017-q4-major/bin/../lib/gcc/arm-none-eabi/7.2.1/../../../../arm-none-eabi/lib/thumb/v7-m\libc.a(lib_a-impure.o)
                0x080017c8                _global_impure_ptr
 .rodata.charSet
                0x080017cc      0x1e0 ./src/LCD5110S.o
                0x080017cc                charSet
 .rodata.STlogo
                0x080019ac      0x1f8 ./src/main.o
                0x080019ac                STlogo
                0x08001ba4                . = ALIGN (0x4)

.rel.dyn        0x08001ba4        0x0
 .rel.iplt      0x08001ba4        0x0 c:/eclipse/gnu tools arm embedded/7 2017-q4-major/bin/../lib/gcc/arm-none-eabi/7.2.1/thumb/v7-m/crtbegin.o

.ARM.extab      0x08001ba4        0x0
                0x08001ba4                . = ALIGN (0x4)
 *(.ARM.extab* .gnu.linkonce.armextab.*)
                0x08001ba4                . = ALIGN (0x4)

.ARM            0x08001ba4        0x0
                0x08001ba4                . = ALIGN (0x4)
                0x08001ba4                __exidx_start = .
 *(.ARM.exidx*)
                0x08001ba4                __exidx_end = .
                0x08001ba4                . = ALIGN (0x4)

.preinit_array  0x08001ba4        0x0
                0x08001ba4                . = ALIGN (0x4)
                0x08001ba4                PROVIDE (__preinit_array_start, .)
 *(.preinit_array*)
                0x08001ba4                PROVIDE (__preinit_array_end, .)
                0x08001ba4                . = ALIGN (0x4)

.init_array     0x08001ba4        0x8
                0x08001ba4                . = ALIGN (0x4)
                0x08001ba4                PROVIDE (__init_array_start, .)
 *(SORT_BY_NAME(.init_array.*))
 .init_array.00000
                0x08001ba4        0x4 c:/eclipse/gnu tools arm embedded/7 2017-q4-major/bin/../lib/gcc/arm-none-eabi/7.2.1/../../../../arm-none-eabi/lib/thumb/v7-m\libc.a(lib_a-__call_atexit.o)
 *(.init_array*)
 .init_array    0x08001ba8        0x4 c:/eclipse/gnu tools arm embedded/7 2017-q4-major/bin/../lib/gcc/arm-none-eabi/7.2.1/thumb/v7-m/crtbegin.o
                0x08001bac                PROVIDE (__init_array_end, .)
                0x08001bac                . = ALIGN (0x4)

.fini_array     0x08001bac        0x4
                0x08001bac                . = ALIGN (0x4)
                0x08001bac                PROVIDE (__fini_array_start, .)
 *(SORT_BY_NAME(.fini_array.*))
 *(.fini_array*)
 .fini_array    0x08001bac        0x4 c:/eclipse/gnu tools arm embedded/7 2017-q4-major/bin/../lib/gcc/arm-none-eabi/7.2.1/thumb/v7-m/crtbegin.o
                0x08001bb0                PROVIDE (__fini_array_end, .)
                0x08001bb0                . = ALIGN (0x4)
                0x08001bb0                _sidata = LOADADDR (.data)

.data           0x20000000      0x450 load address 0x08001bb0
                0x20000000                . = ALIGN (0x4)
                0x20000000                _sdata = .
 *(.data)
 *(.data*)
 .data.impure_data
                0x20000000      0x428 c:/eclipse/gnu tools arm embedded/7 2017-q4-major/bin/../lib/gcc/arm-none-eabi/7.2.1/../../../../arm-none-eabi/lib/thumb/v7-m\libc.a(lib_a-impure.o)
 .data.__atexit_recursive_mutex
                0x20000428        0x4 c:/eclipse/gnu tools arm embedded/7 2017-q4-major/bin/../lib/gcc/arm-none-eabi/7.2.1/../../../../arm-none-eabi/lib/thumb/v7-m\libc.a(lib_a-__call_atexit.o)
                0x20000428                __atexit_recursive_mutex
 .data.DWT_CYCCNT
                0x2000042c        0x4 ./src/LCD5110S.o
                0x2000042c                DWT_CYCCNT
 .data.DWT_CONTROL
                0x20000430        0x4 ./src/LCD5110S.o
                0x20000430                DWT_CONTROL
 .data.SCB_DEMCR
                0x20000434        0x4 ./src/LCD5110S.o
                0x20000434                SCB_DEMCR
 .data.APBAHBPrescTable
                0x20000438       0x10 ./StdPeriph_Driver/src/stm32f10x_rcc.o
 .data.ADCPrescTable
                0x20000448        0x4 ./StdPeriph_Driver/src/stm32f10x_rcc.o
 .data.SystemCoreClock
                0x2000044c        0x4 ./CMSIS/device/system_stm32f10x.o
                0x2000044c                SystemCoreClock
                0x20000450                . = ALIGN (0x4)
                0x20000450                _edata = .

.igot.plt       0x20000450        0x0 load address 0x08002000
 .igot.plt      0x20000450        0x0 c:/eclipse/gnu tools arm embedded/7 2017-q4-major/bin/../lib/gcc/arm-none-eabi/7.2.1/thumb/v7-m/crtbegin.o
                0x20000450                . = ALIGN (0x4)

.bss            0x20000450       0xac load address 0x08002000
                0x20000450                _sbss = .
                0x20000450                __bss_start__ = _sbss
 *(.bss)
 .bss           0x20000450       0x1c c:/eclipse/gnu tools arm embedded/7 2017-q4-major/bin/../lib/gcc/arm-none-eabi/7.2.1/thumb/v7-m/crtbegin.o
 *(.bss*)
 .bss.enabled.6615
                0x2000046c        0x4 ./src/LCD5110S.o
 .bss.TimingDelay
                0x20000470        0x4 ./src/main.o
 .bss.ctMs      0x20000474        0x4 ./src/main.o
 .bss.usCounter
                0x20000478        0x4 ./src/main.o
 .bss.msCounter
                0x2000047c        0x4 ./src/main.o
 .bss.led1_val  0x20000480        0x1 ./src/main.o
                0x20000480                led1_val
 .bss.lcdInitDone
                0x20000481        0x1 ./src/main.o
                0x20000481                lcdInitDone
 *(COMMON)
 *fill*         0x20000482        0x2 
 COMMON         0x20000484       0x21 c:/eclipse/gnu tools arm embedded/7 2017-q4-major/bin/../lib/gcc/arm-none-eabi/7.2.1/../../../../arm-none-eabi/lib/thumb/v7-m\libc.a(lib_a-lock.o)
                0x20000484                __lock___atexit_recursive_mutex
                0x20000488                __lock___arc4random_mutex
                0x2000048c                __lock___env_recursive_mutex
                0x20000490                __lock___sinit_recursive_mutex
                0x20000494                __lock___malloc_recursive_mutex
                0x20000498                __lock___at_quick_exit_mutex
                0x2000049c                __lock___dd_hash_mutex
                0x200004a0                __lock___tz_mutex
                0x200004a4                __lock___sfp_recursive_mutex
 *fill*         0x200004a5        0x3 
 COMMON         0x200004a8       0x54 ./src/main.o
                0x200004a8                GPIO_InitStruct
                0x200004ac                msgBuf
                0x200004fc                . = ALIGN (0x4)
                0x200004fc                _ebss = .
                0x200004fc                __bss_end__ = _ebss

._user_heap_stack
                0x200004fc      0x404 load address 0x08002000
                0x20000500                . = ALIGN (0x8)
 *fill*         0x200004fc        0x4 
                0x20000500                PROVIDE (end, .)
                [!provide]                PROVIDE (_end, .)
                0x20000500                . = (. + _Min_Heap_Size)
                0x20000900                . = (. + _Min_Stack_Size)
 *fill*         0x20000500      0x400 
                0x20000900                . = ALIGN (0x8)

/DISCARD/
 libc.a(*)
 libm.a(*)
 libgcc.a(*)

.ARM.attributes
                0x00000000       0x29
 *(.ARM.attributes)
 .ARM.attributes
                0x00000000       0x1d c:/eclipse/gnu tools arm embedded/7 2017-q4-major/bin/../lib/gcc/arm-none-eabi/7.2.1/thumb/v7-m/crti.o
 .ARM.attributes
                0x0000001d       0x2d c:/eclipse/gnu tools arm embedded/7 2017-q4-major/bin/../lib/gcc/arm-none-eabi/7.2.1/thumb/v7-m/crtbegin.o
 .ARM.attributes
                0x0000004a       0x2d c:/eclipse/gnu tools arm embedded/7 2017-q4-major/bin/../lib/gcc/arm-none-eabi/7.2.1/../../../../arm-none-eabi/lib/thumb/v7-m\libc.a(lib_a-impure.o)
 .ARM.attributes
                0x00000077       0x2d c:/eclipse/gnu tools arm embedded/7 2017-q4-major/bin/../lib/gcc/arm-none-eabi/7.2.1/../../../../arm-none-eabi/lib/thumb/v7-m\libc.a(lib_a-__call_atexit.o)
 .ARM.attributes
                0x000000a4       0x2d c:/eclipse/gnu tools arm embedded/7 2017-q4-major/bin/../lib/gcc/arm-none-eabi/7.2.1/../../../../arm-none-eabi/lib/thumb/v7-m\libc.a(lib_a-atexit.o)
 .ARM.attributes
                0x000000d1       0x2d c:/eclipse/gnu tools arm embedded/7 2017-q4-major/bin/../lib/gcc/arm-none-eabi/7.2.1/../../../../arm-none-eabi/lib/thumb/v7-m\libc.a(lib_a-fini.o)
 .ARM.attributes
                0x000000fe       0x2d c:/eclipse/gnu tools arm embedded/7 2017-q4-major/bin/../lib/gcc/arm-none-eabi/7.2.1/../../../../arm-none-eabi/lib/thumb/v7-m\libc.a(lib_a-lock.o)
 .ARM.attributes
                0x0000012b       0x2d c:/eclipse/gnu tools arm embedded/7 2017-q4-major/bin/../lib/gcc/arm-none-eabi/7.2.1/../../../../arm-none-eabi/lib/thumb/v7-m\libc.a(lib_a-__atexit.o)
 .ARM.attributes
                0x00000158       0x21 ./startup/startup_stm32f10x_md.o
 .ARM.attributes
                0x00000179       0x33 ./src/LCD5110S.o
 .ARM.attributes
                0x000001ac       0x33 ./src/main.o
 .ARM.attributes
                0x000001df       0x33 ./src/spi.o
 .ARM.attributes
                0x00000212       0x33 ./StdPeriph_Driver/src/stm32f10x_gpio.o
 .ARM.attributes
                0x00000245       0x33 ./StdPeriph_Driver/src/stm32f10x_rcc.o
 .ARM.attributes
                0x00000278       0x33 ./StdPeriph_Driver/src/stm32f10x_spi.o
 .ARM.attributes
                0x000002ab       0x33 ./StdPeriph_Driver/src/stm32f10x_usart.o
 .ARM.attributes
                0x000002de       0x33 ./CMSIS/device/system_stm32f10x.o
 .ARM.attributes
                0x00000311       0x1d c:/eclipse/gnu tools arm embedded/7 2017-q4-major/bin/../lib/gcc/arm-none-eabi/7.2.1/thumb/v7-m/crtn.o
OUTPUT(STM32F103_LCD5110SPI.elf elf32-littlearm)

.debug_frame    0x00000000     0x16b4
 .debug_frame   0x00000000       0x5c c:/eclipse/gnu tools arm embedded/7 2017-q4-major/bin/../lib/gcc/arm-none-eabi/7.2.1/../../../../arm-none-eabi/lib/thumb/v7-m\libc.a(lib_a-__call_atexit.o)
 .debug_frame   0x0000005c       0x20 c:/eclipse/gnu tools arm embedded/7 2017-q4-major/bin/../lib/gcc/arm-none-eabi/7.2.1/../../../../arm-none-eabi/lib/thumb/v7-m\libc.a(lib_a-atexit.o)
 .debug_frame   0x0000007c       0x34 c:/eclipse/gnu tools arm embedded/7 2017-q4-major/bin/../lib/gcc/arm-none-eabi/7.2.1/../../../../arm-none-eabi/lib/thumb/v7-m\libc.a(lib_a-fini.o)
 .debug_frame   0x000000b0       0xb0 c:/eclipse/gnu tools arm embedded/7 2017-q4-major/bin/../lib/gcc/arm-none-eabi/7.2.1/../../../../arm-none-eabi/lib/thumb/v7-m\libc.a(lib_a-lock.o)
 .debug_frame   0x00000160       0x34 c:/eclipse/gnu tools arm embedded/7 2017-q4-major/bin/../lib/gcc/arm-none-eabi/7.2.1/../../../../arm-none-eabi/lib/thumb/v7-m\libc.a(lib_a-__atexit.o)
 .debug_frame   0x00000194      0x20c ./src/LCD5110S.o
 .debug_frame   0x000003a0      0x1e0 ./src/main.o
 .debug_frame   0x00000580       0xa8 ./src/spi.o
 .debug_frame   0x00000628      0x2d0 ./StdPeriph_Driver/src/stm32f10x_gpio.o
 .debug_frame   0x000008f8      0x4f4 ./StdPeriph_Driver/src/stm32f10x_rcc.o
 .debug_frame   0x00000dec      0x3a0 ./StdPeriph_Driver/src/stm32f10x_spi.o
 .debug_frame   0x0000118c      0x490 ./StdPeriph_Driver/src/stm32f10x_usart.o
 .debug_frame   0x0000161c       0x98 ./CMSIS/device/system_stm32f10x.o

.debug_line     0x00000000     0x3662
 .debug_line    0x00000000       0x7d ./startup/startup_stm32f10x_md.o
 .debug_line    0x0000007d      0x6d8 ./src/LCD5110S.o
 .debug_line    0x00000755      0x6af ./src/main.o
 .debug_line    0x00000e04      0x5ad ./src/spi.o
 .debug_line    0x000013b1      0x6c3 ./StdPeriph_Driver/src/stm32f10x_gpio.o
 .debug_line    0x00001a74      0x7bf ./StdPeriph_Driver/src/stm32f10x_rcc.o
 .debug_line    0x00002233      0x70e ./StdPeriph_Driver/src/stm32f10x_spi.o
 .debug_line    0x00002941      0x791 ./StdPeriph_Driver/src/stm32f10x_usart.o
 .debug_line    0x000030d2      0x590 ./CMSIS/device/system_stm32f10x.o

.debug_info     0x00000000     0x3e99
 .debug_info    0x00000000       0x22 ./startup/startup_stm32f10x_md.o
 .debug_info    0x00000022      0x705 ./src/LCD5110S.o
 .debug_info    0x00000727      0xb58 ./src/main.o
 .debug_info    0x0000127f      0x56f ./src/spi.o
 .debug_info    0x000017ee      0x6ec ./StdPeriph_Driver/src/stm32f10x_gpio.o
 .debug_info    0x00001eda      0x89c ./StdPeriph_Driver/src/stm32f10x_rcc.o
 .debug_info    0x00002776      0x8ef ./StdPeriph_Driver/src/stm32f10x_spi.o
 .debug_info    0x00003065      0x9e4 ./StdPeriph_Driver/src/stm32f10x_usart.o
 .debug_info    0x00003a49      0x450 ./CMSIS/device/system_stm32f10x.o

.debug_abbrev   0x00000000      0xf00
 .debug_abbrev  0x00000000       0x12 ./startup/startup_stm32f10x_md.o
 .debug_abbrev  0x00000012      0x1ed ./src/LCD5110S.o
 .debug_abbrev  0x000001ff      0x2bd ./src/main.o
 .debug_abbrev  0x000004bc      0x1aa ./src/spi.o
 .debug_abbrev  0x00000666      0x1e4 ./StdPeriph_Driver/src/stm32f10x_gpio.o
 .debug_abbrev  0x0000084a      0x1d4 ./StdPeriph_Driver/src/stm32f10x_rcc.o
 .debug_abbrev  0x00000a1e      0x1b0 ./StdPeriph_Driver/src/stm32f10x_spi.o
 .debug_abbrev  0x00000bce      0x194 ./StdPeriph_Driver/src/stm32f10x_usart.o
 .debug_abbrev  0x00000d62      0x19e ./CMSIS/device/system_stm32f10x.o

.debug_aranges  0x00000000      0x530
 .debug_aranges
                0x00000000       0x28 ./startup/startup_stm32f10x_md.o
 .debug_aranges
                0x00000028       0x88 ./src/LCD5110S.o
 .debug_aranges
                0x000000b0       0x80 ./src/main.o
 .debug_aranges
                0x00000130       0x38 ./src/spi.o
 .debug_aranges
                0x00000168       0xa8 ./StdPeriph_Driver/src/stm32f10x_gpio.o
 .debug_aranges
                0x00000210      0x118 ./StdPeriph_Driver/src/stm32f10x_rcc.o
 .debug_aranges
                0x00000328       0xd0 ./StdPeriph_Driver/src/stm32f10x_spi.o
 .debug_aranges
                0x000003f8      0x100 ./StdPeriph_Driver/src/stm32f10x_usart.o
 .debug_aranges
                0x000004f8       0x38 ./CMSIS/device/system_stm32f10x.o

.debug_str      0x00000000    0x4f7c3
 .debug_str     0x00000000       0x66 ./startup/startup_stm32f10x_md.o
 .debug_str     0x00000066    0x4d3b0 ./src/LCD5110S.o
                              0x4d561 (size before relaxing)
 .debug_str     0x0004d416      0x541 ./src/main.o
                              0x4d97c (size before relaxing)
 .debug_str     0x0004d957      0x156 ./src/spi.o
                              0x4d4d7 (size before relaxing)
 .debug_str     0x0004daad      0x4a1 ./StdPeriph_Driver/src/stm32f10x_gpio.o
                              0x4d7a2 (size before relaxing)
 .debug_str     0x0004df4e      0xb54 ./StdPeriph_Driver/src/stm32f10x_rcc.o
                              0x4dd88 (size before relaxing)
 .debug_str     0x0004eaa2      0x50b ./StdPeriph_Driver/src/stm32f10x_spi.o
                              0x4d8a2 (size before relaxing)
 .debug_str     0x0004efad      0x763 ./StdPeriph_Driver/src/stm32f10x_usart.o
                              0x4dab2 (size before relaxing)
 .debug_str     0x0004f710       0xb3 ./CMSIS/device/system_stm32f10x.o
                              0x4d33f (size before relaxing)

.debug_ranges   0x00000000      0x4a8
 .debug_ranges  0x00000000       0x20 ./startup/startup_stm32f10x_md.o
 .debug_ranges  0x00000020       0x78 ./src/LCD5110S.o
 .debug_ranges  0x00000098       0x70 ./src/main.o
 .debug_ranges  0x00000108       0x28 ./src/spi.o
 .debug_ranges  0x00000130       0x98 ./StdPeriph_Driver/src/stm32f10x_gpio.o
 .debug_ranges  0x000001c8      0x108 ./StdPeriph_Driver/src/stm32f10x_rcc.o
 .debug_ranges  0x000002d0       0xc0 ./StdPeriph_Driver/src/stm32f10x_spi.o
 .debug_ranges  0x00000390       0xf0 ./StdPeriph_Driver/src/stm32f10x_usart.o
 .debug_ranges  0x00000480       0x28 ./CMSIS/device/system_stm32f10x.o

.debug_macro    0x00000000     0xe3aa
 .debug_macro   0x00000000      0x18d ./src/LCD5110S.o
 .debug_macro   0x0000018d      0xa66 ./src/LCD5110S.o
 .debug_macro   0x00000bf3       0x22 ./src/LCD5110S.o
 .debug_macro   0x00000c15       0x87 ./src/LCD5110S.o
 .debug_macro   0x00000c9c       0x51 ./src/LCD5110S.o
 .debug_macro   0x00000ced       0xef ./src/LCD5110S.o
 .debug_macro   0x00000ddc       0x6a ./src/LCD5110S.o
 .debug_macro   0x00000e46      0x1df ./src/LCD5110S.o
 .debug_macro   0x00001025       0x56 ./src/LCD5110S.o
 .debug_macro   0x0000107b      0x6bd ./src/LCD5110S.o
 .debug_macro   0x00001738     0x7dbe ./src/LCD5110S.o
 .debug_macro   0x000094f6      0x2df ./src/LCD5110S.o
 .debug_macro   0x000097d5      0x144 ./src/LCD5110S.o
 .debug_macro   0x00009919      0x3cf ./src/LCD5110S.o
 .debug_macro   0x00009ce8       0xc8 ./src/LCD5110S.o
 .debug_macro   0x00009db0      0x17a ./src/LCD5110S.o
 .debug_macro   0x00009f2a       0xac ./src/LCD5110S.o
 .debug_macro   0x00009fd6      0x3ad ./src/LCD5110S.o
 .debug_macro   0x0000a383       0x9a ./src/LCD5110S.o
 .debug_macro   0x0000a41d      0x2cf ./src/LCD5110S.o
 .debug_macro   0x0000a6ec      0x279 ./src/LCD5110S.o
 .debug_macro   0x0000a965      0x2ac ./src/LCD5110S.o
 .debug_macro   0x0000ac11      0x2b1 ./src/LCD5110S.o
 .debug_macro   0x0000aec2       0x64 ./src/LCD5110S.o
 .debug_macro   0x0000af26       0x82 ./src/LCD5110S.o
 .debug_macro   0x0000afa8      0x3e2 ./src/LCD5110S.o
 .debug_macro   0x0000b38a       0x58 ./src/LCD5110S.o
 .debug_macro   0x0000b3e2      0x341 ./src/LCD5110S.o
 .debug_macro   0x0000b723      0x2c4 ./src/LCD5110S.o
 .debug_macro   0x0000b9e7      0x711 ./src/LCD5110S.o
 .debug_macro   0x0000c0f8      0x220 ./src/LCD5110S.o
 .debug_macro   0x0000c318       0x34 ./src/LCD5110S.o
 .debug_macro   0x0000c34c       0x8b ./src/LCD5110S.o
 .debug_macro   0x0000c3d7       0x35 ./src/LCD5110S.o
 .debug_macro   0x0000c40c       0x40 ./src/LCD5110S.o
 .debug_macro   0x0000c44c      0x19e ./src/main.o
 .debug_macro   0x0000c5ea       0x22 ./src/main.o
 .debug_macro   0x0000c60c      0x69f ./src/main.o
 .debug_macro   0x0000ccab      0x185 ./src/spi.o
 .debug_macro   0x0000ce30      0x1d3 ./StdPeriph_Driver/src/stm32f10x_gpio.o
 .debug_macro   0x0000d003      0x2a6 ./StdPeriph_Driver/src/stm32f10x_gpio.o
 .debug_macro   0x0000d2a9      0x2a1 ./StdPeriph_Driver/src/stm32f10x_rcc.o
 .debug_macro   0x0000d54a      0x3dc ./StdPeriph_Driver/src/stm32f10x_rcc.o
 .debug_macro   0x0000d926      0x1eb ./StdPeriph_Driver/src/stm32f10x_spi.o
 .debug_macro   0x0000db11      0x2be ./StdPeriph_Driver/src/stm32f10x_spi.o
 .debug_macro   0x0000ddcf      0x239 ./StdPeriph_Driver/src/stm32f10x_usart.o
 .debug_macro   0x0000e008      0x21a ./StdPeriph_Driver/src/stm32f10x_usart.o
 .debug_macro   0x0000e222      0x188 ./CMSIS/device/system_stm32f10x.o

.comment        0x00000000       0x7e
 .comment       0x00000000       0x7e ./src/LCD5110S.o
                                 0x7f (size before relaxing)
 .comment       0x0000007e       0x7f ./src/main.o
 .comment       0x0000007e       0x7f ./src/spi.o
 .comment       0x0000007e       0x7f ./StdPeriph_Driver/src/stm32f10x_gpio.o
 .comment       0x0000007e       0x7f ./StdPeriph_Driver/src/stm32f10x_rcc.o
 .comment       0x0000007e       0x7f ./StdPeriph_Driver/src/stm32f10x_spi.o
 .comment       0x0000007e       0x7f ./StdPeriph_Driver/src/stm32f10x_usart.o
 .comment       0x0000007e       0x7f ./CMSIS/device/system_stm32f10x.o
