Archive member included to satisfy reference by file (symbol)

c:/eclipse/gnu tools arm embedded/7 2017-q4-major/bin/../lib/gcc/arm-none-eabi/7.2.1/../../../../arm-none-eabi/lib/thumb/v7-m\libc.a(lib_a-exit.o)
                              c:/eclipse/gnu tools arm embedded/7 2017-q4-major/bin/../lib/gcc/arm-none-eabi/7.2.1/../../../../arm-none-eabi/lib/thumb/v7-m/rdimon-crt0.o (exit)
c:/eclipse/gnu tools arm embedded/7 2017-q4-major/bin/../lib/gcc/arm-none-eabi/7.2.1/../../../../arm-none-eabi/lib/thumb/v7-m\libc.a(lib_a-impure.o)
                              c:/eclipse/gnu tools arm embedded/7 2017-q4-major/bin/../lib/gcc/arm-none-eabi/7.2.1/../../../../arm-none-eabi/lib/thumb/v7-m\libc.a(lib_a-exit.o) (_global_impure_ptr)
c:/eclipse/gnu tools arm embedded/7 2017-q4-major/bin/../lib/gcc/arm-none-eabi/7.2.1/../../../../arm-none-eabi/lib/thumb/v7-m\libc.a(lib_a-init.o)
                              c:/eclipse/gnu tools arm embedded/7 2017-q4-major/bin/../lib/gcc/arm-none-eabi/7.2.1/../../../../arm-none-eabi/lib/thumb/v7-m/rdimon-crt0.o (__libc_init_array)
c:/eclipse/gnu tools arm embedded/7 2017-q4-major/bin/../lib/gcc/arm-none-eabi/7.2.1/../../../../arm-none-eabi/lib/thumb/v7-m\libc.a(lib_a-memset.o)
                              c:/eclipse/gnu tools arm embedded/7 2017-q4-major/bin/../lib/gcc/arm-none-eabi/7.2.1/../../../../arm-none-eabi/lib/thumb/v7-m/rdimon-crt0.o (memset)
c:/eclipse/gnu tools arm embedded/7 2017-q4-major/bin/../lib/gcc/arm-none-eabi/7.2.1/../../../../arm-none-eabi/lib/thumb/v7-m\libc.a(lib_a-__call_atexit.o)
                              c:/eclipse/gnu tools arm embedded/7 2017-q4-major/bin/../lib/gcc/arm-none-eabi/7.2.1/../../../../arm-none-eabi/lib/thumb/v7-m\libc.a(lib_a-exit.o) (__call_exitprocs)
c:/eclipse/gnu tools arm embedded/7 2017-q4-major/bin/../lib/gcc/arm-none-eabi/7.2.1/../../../../arm-none-eabi/lib/thumb/v7-m\libc.a(lib_a-atexit.o)
                              c:/eclipse/gnu tools arm embedded/7 2017-q4-major/bin/../lib/gcc/arm-none-eabi/7.2.1/../../../../arm-none-eabi/lib/thumb/v7-m\libc.a(lib_a-__call_atexit.o) (atexit)
c:/eclipse/gnu tools arm embedded/7 2017-q4-major/bin/../lib/gcc/arm-none-eabi/7.2.1/../../../../arm-none-eabi/lib/thumb/v7-m\libc.a(lib_a-fini.o)
                              c:/eclipse/gnu tools arm embedded/7 2017-q4-major/bin/../lib/gcc/arm-none-eabi/7.2.1/../../../../arm-none-eabi/lib/thumb/v7-m\libc.a(lib_a-__call_atexit.o) (__libc_fini_array)
c:/eclipse/gnu tools arm embedded/7 2017-q4-major/bin/../lib/gcc/arm-none-eabi/7.2.1/../../../../arm-none-eabi/lib/thumb/v7-m\libc.a(lib_a-lock.o)
                              c:/eclipse/gnu tools arm embedded/7 2017-q4-major/bin/../lib/gcc/arm-none-eabi/7.2.1/../../../../arm-none-eabi/lib/thumb/v7-m\libc.a(lib_a-__call_atexit.o) (__retarget_lock_acquire_recursive)
c:/eclipse/gnu tools arm embedded/7 2017-q4-major/bin/../lib/gcc/arm-none-eabi/7.2.1/../../../../arm-none-eabi/lib/thumb/v7-m\libc.a(lib_a-__atexit.o)
                              c:/eclipse/gnu tools arm embedded/7 2017-q4-major/bin/../lib/gcc/arm-none-eabi/7.2.1/../../../../arm-none-eabi/lib/thumb/v7-m\libc.a(lib_a-atexit.o) (__register_exitproc)
c:/eclipse/gnu tools arm embedded/7 2017-q4-major/bin/../lib/gcc/arm-none-eabi/7.2.1/../../../../arm-none-eabi/lib/thumb/v7-m\librdimon.a(rdimon-syscalls.o)
                              c:/eclipse/gnu tools arm embedded/7 2017-q4-major/bin/../lib/gcc/arm-none-eabi/7.2.1/../../../../arm-none-eabi/lib/thumb/v7-m/rdimon-crt0.o (initialise_monitor_handles)
c:/eclipse/gnu tools arm embedded/7 2017-q4-major/bin/../lib/gcc/arm-none-eabi/7.2.1/../../../../arm-none-eabi/lib/thumb/v7-m\librdimon.a(rdimon-_exit.o)
                              c:/eclipse/gnu tools arm embedded/7 2017-q4-major/bin/../lib/gcc/arm-none-eabi/7.2.1/../../../../arm-none-eabi/lib/thumb/v7-m\libc.a(lib_a-exit.o) (_exit)
c:/eclipse/gnu tools arm embedded/7 2017-q4-major/bin/../lib/gcc/arm-none-eabi/7.2.1/../../../../arm-none-eabi/lib/thumb/v7-m\librdimon.a(rdimon-_kill.o)
                              c:/eclipse/gnu tools arm embedded/7 2017-q4-major/bin/../lib/gcc/arm-none-eabi/7.2.1/../../../../arm-none-eabi/lib/thumb/v7-m\librdimon.a(rdimon-_exit.o) (_kill)
c:/eclipse/gnu tools arm embedded/7 2017-q4-major/bin/../lib/gcc/arm-none-eabi/7.2.1/../../../../arm-none-eabi/lib/thumb/v7-m\libc.a(lib_a-errno.o)
                              c:/eclipse/gnu tools arm embedded/7 2017-q4-major/bin/../lib/gcc/arm-none-eabi/7.2.1/../../../../arm-none-eabi/lib/thumb/v7-m\librdimon.a(rdimon-syscalls.o) (__errno)
c:/eclipse/gnu tools arm embedded/7 2017-q4-major/bin/../lib/gcc/arm-none-eabi/7.2.1/../../../../arm-none-eabi/lib/thumb/v7-m\libc.a(lib_a-findfp.o)
                              c:/eclipse/gnu tools arm embedded/7 2017-q4-major/bin/../lib/gcc/arm-none-eabi/7.2.1/../../../../arm-none-eabi/lib/thumb/v7-m\librdimon.a(rdimon-syscalls.o) (__sinit)
[...]
Memory Configuration

Name             Origin             Length             Attributes
RAM              0x20000000         0x00005000         xrw
ROM              0x08000000         0x00010000         xr
*default*        0x00000000         0xffffffff

Linker script and memory map

LOAD c:/eclipse/gnu tools arm embedded/7 2017-q4-major/bin/../lib/gcc/arm-none-eabi/7.2.1/thumb/v7-m/crti.o
LOAD c:/eclipse/gnu tools arm embedded/7 2017-q4-major/bin/../lib/gcc/arm-none-eabi/7.2.1/thumb/v7-m/crtbegin.o
LOAD c:/eclipse/gnu tools arm embedded/7 2017-q4-major/bin/../lib/gcc/arm-none-eabi/7.2.1/../../../../arm-none-eabi/lib/thumb/v7-m/rdimon-crt0.o
START GROUP
LOAD c:/eclipse/gnu tools arm embedded/7 2017-q4-major/bin/../lib/gcc/arm-none-eabi/7.2.1/thumb/v7-m\libgcc.a
LOAD c:/eclipse/gnu tools arm embedded/7 2017-q4-major/bin/../lib/gcc/arm-none-eabi/7.2.1/../../../../arm-none-eabi/lib/thumb/v7-m\libc.a
LOAD c:/eclipse/gnu tools arm embedded/7 2017-q4-major/bin/../lib/gcc/arm-none-eabi/7.2.1/../../../../arm-none-eabi/lib/thumb/v7-m\libc.a
LOAD c:/eclipse/gnu tools arm embedded/7 2017-q4-major/bin/../lib/gcc/arm-none-eabi/7.2.1/../../../../arm-none-eabi/lib/thumb/v7-m\libm.a
LOAD c:/eclipse/gnu tools arm embedded/7 2017-q4-major/bin/../lib/gcc/arm-none-eabi/7.2.1/../../../../arm-none-eabi/lib/thumb/v7-m\librdimon.a
END GROUP
LOAD ./startup/startup_stm32f10x_md.o
LOAD ./src/lcd.o
LOAD ./src/main.o
LOAD ./StdPeriph_Driver/src/misc.o
LOAD ./StdPeriph_Driver/src/stm32f10x_adc.o
LOAD ./StdPeriph_Driver/src/stm32f10x_bkp.o
LOAD ./StdPeriph_Driver/src/stm32f10x_can.o
LOAD ./StdPeriph_Driver/src/stm32f10x_cec.o
LOAD ./StdPeriph_Driver/src/stm32f10x_crc.o
LOAD ./StdPeriph_Driver/src/stm32f10x_dac.o
LOAD ./StdPeriph_Driver/src/stm32f10x_dbgmcu.o
LOAD ./StdPeriph_Driver/src/stm32f10x_dma.o
LOAD ./StdPeriph_Driver/src/stm32f10x_exti.o
LOAD ./StdPeriph_Driver/src/stm32f10x_flash.o
LOAD ./StdPeriph_Driver/src/stm32f10x_fsmc.o
LOAD ./StdPeriph_Driver/src/stm32f10x_gpio.o
LOAD ./StdPeriph_Driver/src/stm32f10x_i2c.o
LOAD ./StdPeriph_Driver/src/stm32f10x_iwdg.o
LOAD ./StdPeriph_Driver/src/stm32f10x_pwr.o
LOAD ./StdPeriph_Driver/src/stm32f10x_rcc.o
LOAD ./StdPeriph_Driver/src/stm32f10x_rtc.o
LOAD ./StdPeriph_Driver/src/stm32f10x_sdio.o
LOAD ./StdPeriph_Driver/src/stm32f10x_spi.o
LOAD ./StdPeriph_Driver/src/stm32f10x_tim.o
LOAD ./StdPeriph_Driver/src/stm32f10x_usart.o
LOAD ./StdPeriph_Driver/src/stm32f10x_wwdg.o
LOAD ./CMSIS/device/system_stm32f10x.o
LOAD ./CMSIS/core/core_cm3.o
START GROUP
LOAD c:/eclipse/gnu tools arm embedded/7 2017-q4-major/bin/../lib/gcc/arm-none-eabi/7.2.1/thumb/v7-m\libgcc.a
LOAD c:/eclipse/gnu tools arm embedded/7 2017-q4-major/bin/../lib/gcc/arm-none-eabi/7.2.1/../../../../arm-none-eabi/lib/thumb/v7-m\libg.a
LOAD c:/eclipse/gnu tools arm embedded/7 2017-q4-major/bin/../lib/gcc/arm-none-eabi/7.2.1/../../../../arm-none-eabi/lib/thumb/v7-m\libc.a
END GROUP
START GROUP
LOAD c:/eclipse/gnu tools arm embedded/7 2017-q4-major/bin/../lib/gcc/arm-none-eabi/7.2.1/thumb/v7-m\libgcc.a
LOAD c:/eclipse/gnu tools arm embedded/7 2017-q4-major/bin/../lib/gcc/arm-none-eabi/7.2.1/../../../../arm-none-eabi/lib/thumb/v7-m\libc.a
LOAD c:/eclipse/gnu tools arm embedded/7 2017-q4-major/bin/../lib/gcc/arm-none-eabi/7.2.1/../../../../arm-none-eabi/lib/thumb/v7-m\librdimon.a
END GROUP
LOAD c:/eclipse/gnu tools arm embedded/7 2017-q4-major/bin/../lib/gcc/arm-none-eabi/7.2.1/thumb/v7-m/crtend.o
LOAD c:/eclipse/gnu tools arm embedded/7 2017-q4-major/bin/../lib/gcc/arm-none-eabi/7.2.1/thumb/v7-m/crtn.o
                0x20005000                _estack = 0x20005000
                0x00000000                _Min_Heap_Size = 0x0
                0x00000400                _Min_Stack_Size = 0x400

.isr_vector     0x08000000      0x10c
                0x08000000                . = ALIGN (0x4)
 *(.isr_vector)
 .isr_vector    0x08000000      0x10c ./startup/startup_stm32f10x_md.o
                0x08000000                g_pfnVectors
                0x0800010c                . = ALIGN (0x4)

.text           0x0800010c     0x122c
                0x0800010c                . = ALIGN (0x4)
 *(.text)
 .text          0x0800010c       0x40 c:/eclipse/gnu tools arm embedded/7 2017-q4-major/bin/../lib/gcc/arm-none-eabi/7.2.1/thumb/v7-m/crtbegin.o
 *(.text*)
 .text.startup.register_fini
                0x0800014c       0x14 c:/eclipse/gnu tools arm embedded/7 2017-q4-major/bin/../lib/gcc/arm-none-eabi/7.2.1/../../../../arm-none-eabi/lib/thumb/v7-m\libc.a(lib_a-__call_atexit.o)
 .text.atexit   0x08000160        0xc c:/eclipse/gnu tools arm embedded/7 2017-q4-major/bin/../lib/gcc/arm-none-eabi/7.2.1/../../../../arm-none-eabi/lib/thumb/v7-m\libc.a(lib_a-atexit.o)
                0x08000160                atexit
 .text.__libc_fini_array
                0x0800016c       0x34 c:/eclipse/gnu tools arm embedded/7 2017-q4-major/bin/../lib/gcc/arm-none-eabi/7.2.1/../../../../arm-none-eabi/lib/thumb/v7-m\libc.a(lib_a-fini.o)
                0x0800016c                __libc_fini_array
 .text.__retarget_lock_acquire_recursive
                0x080001a0        0x4 c:/eclipse/gnu tools arm embedded/7 2017-q4-major/bin/../lib/gcc/arm-none-eabi/7.2.1/../../../../arm-none-eabi/lib/thumb/v7-m\libc.a(lib_a-lock.o)
                0x080001a0                __retarget_lock_acquire_recursive
 .text.__retarget_lock_release_recursive
                0x080001a4        0x4 c:/eclipse/gnu tools arm embedded/7 2017-q4-major/bin/../lib/gcc/arm-none-eabi/7.2.1/../../../../arm-none-eabi/lib/thumb/v7-m\libc.a(lib_a-lock.o)
                0x080001a4                __retarget_lock_release_recursive
 .text.__register_exitproc
                0x080001a8       0xc0 c:/eclipse/gnu tools arm embedded/7 2017-q4-major/bin/../lib/gcc/arm-none-eabi/7.2.1/../../../../arm-none-eabi/lib/thumb/v7-m\libc.a(lib_a-__atexit.o)
                0x080001a8                __register_exitproc
 .text.Reset_Handler
                0x08000268       0x44 ./startup/startup_stm32f10x_md.o
                0x08000268                Reset_Handler
 .text.Default_Handler
                0x080002ac        0x2 ./startup/startup_stm32f10x_md.o
                0x080002ac                EXTI2_IRQHandler
                0x080002ac                DebugMon_Handler
                0x080002ac                TIM1_CC_IRQHandler
                0x080002ac                HardFault_Handler
                0x080002ac                PVD_IRQHandler
                0x080002ac                PendSV_Handler
                0x080002ac                NMI_Handler
                0x080002ac                EXTI3_IRQHandler
                0x080002ac                EXTI0_IRQHandler
                0x080002ac                I2C2_EV_IRQHandler
                0x080002ac                UsageFault_Handler
                0x080002ac                ADC1_2_IRQHandler
                0x080002ac                SPI1_IRQHandler
                0x080002ac                TAMPER_IRQHandler
                0x080002ac                DMA1_Channel4_IRQHandler
                0x080002ac                USART3_IRQHandler
                0x080002ac                RTC_IRQHandler
                0x080002ac                DMA1_Channel7_IRQHandler
                0x080002ac                CAN1_RX1_IRQHandler
                0x080002ac                TIM4_IRQHandler
                0x080002ac                I2C1_EV_IRQHandler
                0x080002ac                DMA1_Channel6_IRQHandler
                0x080002ac                TIM3_IRQHandler
                0x080002ac                RCC_IRQHandler
                0x080002ac                TIM1_TRG_COM_IRQHandler
                0x080002ac                DMA1_Channel1_IRQHandler
                0x080002ac                Default_Handler
                0x080002ac                EXTI15_10_IRQHandler
                0x080002ac                EXTI9_5_IRQHandler
                0x080002ac                SPI2_IRQHandler
                0x080002ac                MemManage_Handler
                0x080002ac                SVC_Handler
                0x080002ac                DMA1_Channel5_IRQHandler
                0x080002ac                EXTI4_IRQHandler
                0x080002ac                USB_LP_CAN1_RX0_IRQHandler
                0x080002ac                USB_HP_CAN1_TX_IRQHandler
                0x080002ac                DMA1_Channel3_IRQHandler
                0x080002ac                TIM1_UP_IRQHandler
                0x080002ac                WWDG_IRQHandler
                0x080002ac                TIM2_IRQHandler
                0x080002ac                TIM1_BRK_IRQHandler
                0x080002ac                EXTI1_IRQHandler
                0x080002ac                RTCAlarm_IRQHandler
                0x080002ac                USART2_IRQHandler
                0x080002ac                I2C2_ER_IRQHandler
                0x080002ac                DMA1_Channel2_IRQHandler
                0x080002ac                CAN1_SCE_IRQHandler
                0x080002ac                FLASH_IRQHandler
                0x080002ac                BusFault_Handler
                0x080002ac                USART1_IRQHandler
                0x080002ac                I2C1_ER_IRQHandler
                0x080002ac                USBWakeUp_IRQHandler
 *fill*         0x080002ae        0x2 
 .text.toggle_en
                0x080002b0       0x28 ./src/lcd.o
                0x080002b0                toggle_en
 .text.lcd_write_4bits
                0x080002d8       0x90 ./src/lcd.o
                0x080002d8                lcd_write_4bits
 .text.lcd_write
                0x08000368       0x26 ./src/lcd.o
                0x08000368                lcd_write
 *fill*         0x0800038e        0x2 
 .text.lcd_read
                0x08000390       0xc8 ./src/lcd.o
                0x08000390                lcd_read
 .text.lcd_busy
                0x08000458       0x20 ./src/lcd.o
                0x08000458                lcd_busy
 .text.lcd_clear
                0x08000478       0x30 ./src/lcd.o
                0x08000478                lcd_clear
 .text.lcd_puts
                0x080004a8       0x2c ./src/lcd.o
                0x080004a8                lcd_puts
 .text.lcd_putch
                0x080004d4       0x34 ./src/lcd.o
                0x080004d4                lcd_putch
 .text.lcd_goto
                0x08000508       0x38 ./src/lcd.o
                0x08000508                lcd_goto
 .text.lcd_init
                0x08000540       0xc4 ./src/lcd.o
                0x08000540                lcd_init
 .text.NVIC_SetPriority
                0x08000604       0x54 ./src/main.o
 .text.SysTick_Config
                0x08000658       0x44 ./src/main.o
 .text.main     0x0800069c       0xe0 ./src/main.o
                0x0800069c                main
 .text.showMenu
                0x0800077c       0x50 ./src/main.o
                0x0800077c                showMenu
 .text.processMenuCmd
                0x080007cc      0x224 ./src/main.o
                0x080007cc                processMenuCmd
 .text.SetupUSART
                0x080009f0       0x7c ./src/main.o
                0x080009f0                SetupUSART
 .text.USART_PutChar
                0x08000a6c       0x34 ./src/main.o
                0x08000a6c                USART_PutChar
 .text.USART_PutStr
                0x08000aa0       0x2e ./src/main.o
                0x08000aa0                USART_PutStr
 .text.USART_PutHexByte
                0x08000ace       0x70 ./src/main.o
                0x08000ace                USART_PutHexByte
 *fill*         0x08000b3e        0x2 
 .text.Delay_us
                0x08000b40       0x34 ./src/main.o
                0x08000b40                Delay_us
 .text.Delay_ms
                0x08000b74       0x20 ./src/main.o
                0x08000b74                Delay_ms
 .text.SysTick_Handler
                0x08000b94       0x58 ./src/main.o
                0x08000b94                SysTick_Handler
 .text.GPIO_Init
                0x08000bec      0x178 ./StdPeriph_Driver/src/stm32f10x_gpio.o
                0x08000bec                GPIO_Init
 .text.GPIO_ReadInputData
                0x08000d64       0x18 ./StdPeriph_Driver/src/stm32f10x_gpio.o
                0x08000d64                GPIO_ReadInputData
 .text.GPIO_ReadOutputData
                0x08000d7c       0x18 ./StdPeriph_Driver/src/stm32f10x_gpio.o
                0x08000d7c                GPIO_ReadOutputData
 .text.GPIO_SetBits
                0x08000d94       0x1c ./StdPeriph_Driver/src/stm32f10x_gpio.o
                0x08000d94                GPIO_SetBits
 .text.GPIO_ResetBits
                0x08000db0       0x1c ./StdPeriph_Driver/src/stm32f10x_gpio.o
                0x08000db0                GPIO_ResetBits
 .text.GPIO_Write
                0x08000dcc       0x1c ./StdPeriph_Driver/src/stm32f10x_gpio.o
                0x08000dcc                GPIO_Write
 .text.RCC_GetClocksFreq
                0x08000de8      0x160 ./StdPeriph_Driver/src/stm32f10x_rcc.o
                0x08000de8                RCC_GetClocksFreq
 .text.RCC_APB2PeriphClockCmd
                0x08000f48       0x3c ./StdPeriph_Driver/src/stm32f10x_rcc.o
                0x08000f48                RCC_APB2PeriphClockCmd
 .text.USART_Init
                0x08000f84      0x174 ./StdPeriph_Driver/src/stm32f10x_usart.o
                0x08000f84                USART_Init
 .text.USART_Cmd
                0x080010f8       0x3e ./StdPeriph_Driver/src/stm32f10x_usart.o
                0x080010f8                USART_Cmd
 .text.USART_SendData
                0x08001136       0x22 ./StdPeriph_Driver/src/stm32f10x_usart.o
                0x08001136                USART_SendData
 .text.USART_ReceiveData
                0x08001158       0x1e ./StdPeriph_Driver/src/stm32f10x_usart.o
                0x08001158                USART_ReceiveData
 .text.USART_GetFlagStatus
                0x08001176       0x36 ./StdPeriph_Driver/src/stm32f10x_usart.o
                0x08001176                USART_GetFlagStatus
 .text.SystemInit
                0x080011ac       0x68 ./CMSIS/device/system_stm32f10x.o
                0x080011ac                SystemInit
 .text.SetSysClock
                0x08001214        0xc ./CMSIS/device/system_stm32f10x.o
 .text.SetSysClockTo72
                0x08001220      0x100 ./CMSIS/device/system_stm32f10x.o
 *(.glue_7)
 .glue_7        0x08001320        0x0 linker stubs
 *(.glue_7t)
 .glue_7t       0x08001320        0x0 linker stubs
 *(.eh_frame)
 .eh_frame      0x08001320        0x0 c:/eclipse/gnu tools arm embedded/7 2017-q4-major/bin/../lib/gcc/arm-none-eabi/7.2.1/thumb/v7-m/crtbegin.o
 *(.init)
 .init          0x08001320        0x4 c:/eclipse/gnu tools arm embedded/7 2017-q4-major/bin/../lib/gcc/arm-none-eabi/7.2.1/thumb/v7-m/crti.o
                0x08001320                _init
 .init          0x08001324        0x8 c:/eclipse/gnu tools arm embedded/7 2017-q4-major/bin/../lib/gcc/arm-none-eabi/7.2.1/thumb/v7-m/crtn.o
 *(.fini)
 .fini          0x0800132c        0x4 c:/eclipse/gnu tools arm embedded/7 2017-q4-major/bin/../lib/gcc/arm-none-eabi/7.2.1/thumb/v7-m/crti.o
                0x0800132c                _fini
 .fini          0x08001330        0x8 c:/eclipse/gnu tools arm embedded/7 2017-q4-major/bin/../lib/gcc/arm-none-eabi/7.2.1/thumb/v7-m/crtn.o
                0x08001338                . = ALIGN (0x4)
                0x08001338                _etext = .

.vfp11_veneer   0x08001338        0x0
 .vfp11_veneer  0x08001338        0x0 linker stubs

.v4_bx          0x08001338        0x0
 .v4_bx         0x08001338        0x0 linker stubs

.iplt           0x08001338        0x0
 .iplt          0x08001338        0x0 c:/eclipse/gnu tools arm embedded/7 2017-q4-major/bin/../lib/gcc/arm-none-eabi/7.2.1/thumb/v7-m/crtbegin.o

.rodata         0x08001338      0x128
                0x08001338                . = ALIGN (0x4)
 *(.rodata)
 .rodata        0x08001338      0x122 ./src/main.o
 *(.rodata*)
 *fill*         0x0800145a        0x2 
 .rodata._global_impure_ptr
                0x0800145c        0x4 c:/eclipse/gnu tools arm embedded/7 2017-q4-major/bin/../lib/gcc/arm-none-eabi/7.2.1/../../../../arm-none-eabi/lib/thumb/v7-m\libc.a(lib_a-impure.o)
                0x0800145c                _global_impure_ptr
                0x08001460                . = ALIGN (0x4)

.rel.dyn        0x08001460        0x0
 .rel.iplt      0x08001460        0x0 c:/eclipse/gnu tools arm embedded/7 2017-q4-major/bin/../lib/gcc/arm-none-eabi/7.2.1/thumb/v7-m/crtbegin.o

.ARM.extab      0x08001460        0x0
                0x08001460                . = ALIGN (0x4)
 *(.ARM.extab* .gnu.linkonce.armextab.*)
                0x08001460                . = ALIGN (0x4)

.ARM            0x08001460        0x0
                0x08001460                . = ALIGN (0x4)
                0x08001460                __exidx_start = .
 *(.ARM.exidx*)
                0x08001460                __exidx_end = .
                0x08001460                . = ALIGN (0x4)

.preinit_array  0x08001460        0x0
                0x08001460                . = ALIGN (0x4)
                0x08001460                PROVIDE (__preinit_array_start, .)
 *(.preinit_array*)
                0x08001460                PROVIDE (__preinit_array_end, .)
                0x08001460                . = ALIGN (0x4)

.init_array     0x08001460        0x8
                0x08001460                . = ALIGN (0x4)
                0x08001460                PROVIDE (__init_array_start, .)
 *(SORT_BY_NAME(.init_array.*))
 .init_array.00000
                0x08001460        0x4 c:/eclipse/gnu tools arm embedded/7 2017-q4-major/bin/../lib/gcc/arm-none-eabi/7.2.1/../../../../arm-none-eabi/lib/thumb/v7-m\libc.a(lib_a-__call_atexit.o)
 *(.init_array*)
 .init_array    0x08001464        0x4 c:/eclipse/gnu tools arm embedded/7 2017-q4-major/bin/../lib/gcc/arm-none-eabi/7.2.1/thumb/v7-m/crtbegin.o
                0x08001468                PROVIDE (__init_array_end, .)
                0x08001468                . = ALIGN (0x4)

.fini_array     0x08001468        0x4
                0x08001468                . = ALIGN (0x4)
                0x08001468                PROVIDE (__fini_array_start, .)
 *(SORT_BY_NAME(.fini_array.*))
 *(.fini_array*)
 .fini_array    0x08001468        0x4 c:/eclipse/gnu tools arm embedded/7 2017-q4-major/bin/../lib/gcc/arm-none-eabi/7.2.1/thumb/v7-m/crtbegin.o
                0x0800146c                PROVIDE (__fini_array_end, .)
                0x0800146c                . = ALIGN (0x4)
                0x0800146c                _sidata = LOADADDR (.data)

.data           0x20000000      0x444 load address 0x0800146c
                0x20000000                . = ALIGN (0x4)
                0x20000000                _sdata = .
 *(.data)
 *(.data*)
 .data.impure_data
                0x20000000      0x428 c:/eclipse/gnu tools arm embedded/7 2017-q4-major/bin/../lib/gcc/arm-none-eabi/7.2.1/../../../../arm-none-eabi/lib/thumb/v7-m\libc.a(lib_a-impure.o)
 .data.__atexit_recursive_mutex
                0x20000428        0x4 c:/eclipse/gnu tools arm embedded/7 2017-q4-major/bin/../lib/gcc/arm-none-eabi/7.2.1/../../../../arm-none-eabi/lib/thumb/v7-m\libc.a(lib_a-__call_atexit.o)
                0x20000428                __atexit_recursive_mutex
 .data.APBAHBPrescTable
                0x2000042c       0x10 ./StdPeriph_Driver/src/stm32f10x_rcc.o
 .data.ADCPrescTable
                0x2000043c        0x4 ./StdPeriph_Driver/src/stm32f10x_rcc.o
 .data.SystemCoreClock
                0x20000440        0x4 ./CMSIS/device/system_stm32f10x.o
                0x20000440                SystemCoreClock
                0x20000444                . = ALIGN (0x4)
                0x20000444                _edata = .

.igot.plt       0x20000444        0x0 load address 0x080018b0
 .igot.plt      0x20000444        0x0 c:/eclipse/gnu tools arm embedded/7 2017-q4-major/bin/../lib/gcc/arm-none-eabi/7.2.1/thumb/v7-m/crtbegin.o
                0x20000444                . = ALIGN (0x4)

.bss            0x20000444       0xa8 load address 0x080018b0
                0x20000444                _sbss = .
                0x20000444                __bss_start__ = _sbss
 *(.bss)
 .bss           0x20000444       0x1c c:/eclipse/gnu tools arm embedded/7 2017-q4-major/bin/../lib/gcc/arm-none-eabi/7.2.1/thumb/v7-m/crtbegin.o
 *(.bss*)
 .bss.TimingDelay
                0x20000460        0x4 ./src/main.o
 .bss.ctMs      0x20000464        0x4 ./src/main.o
 .bss.usCounter
                0x20000468        0x4 ./src/main.o
 .bss.msCounter
                0x2000046c        0x4 ./src/main.o
 .bss.led1_val  0x20000470        0x4 ./src/main.o
                0x20000470                led1_val
 *(COMMON)
 COMMON         0x20000474       0x21 c:/eclipse/gnu tools arm embedded/7 2017-q4-major/bin/../lib/gcc/arm-none-eabi/7.2.1/../../../../arm-none-eabi/lib/thumb/v7-m\libc.a(lib_a-lock.o)
                0x20000474                __lock___atexit_recursive_mutex
                0x20000478                __lock___arc4random_mutex
                0x2000047c                __lock___env_recursive_mutex
                0x20000480                __lock___sinit_recursive_mutex
                0x20000484                __lock___malloc_recursive_mutex
                0x20000488                __lock___at_quick_exit_mutex
                0x2000048c                __lock___dd_hash_mutex
                0x20000490                __lock___tz_mutex
                0x20000494                __lock___sfp_recursive_mutex
 *fill*         0x20000495        0x3 
 COMMON         0x20000498       0x54 ./src/main.o
                0x20000498                GPIO_InitStruct
                0x2000049c                msgBuf
                0x200004ec                . = ALIGN (0x4)
                0x200004ec                _ebss = .
                0x200004ec                __bss_end__ = _ebss

._user_heap_stack
                0x200004ec      0x404 load address 0x080018b0
                0x200004f0                . = ALIGN (0x8)
 *fill*         0x200004ec        0x4 
                0x200004f0                PROVIDE (end, .)
                [!provide]                PROVIDE (_end, .)
                0x200004f0                . = (. + _Min_Heap_Size)
                0x200008f0                . = (. + _Min_Stack_Size)
 *fill*         0x200004f0      0x400 
                0x200008f0                . = ALIGN (0x8)

/DISCARD/
 libc.a(*)
 libm.a(*)
 libgcc.a(*)

.ARM.attributes
                0x00000000       0x29
 *(.ARM.attributes)
 .ARM.attributes
                0x00000000       0x1d c:/eclipse/gnu tools arm embedded/7 2017-q4-major/bin/../lib/gcc/arm-none-eabi/7.2.1/thumb/v7-m/crti.o
 .ARM.attributes
                0x0000001d       0x2d c:/eclipse/gnu tools arm embedded/7 2017-q4-major/bin/../lib/gcc/arm-none-eabi/7.2.1/thumb/v7-m/crtbegin.o
 .ARM.attributes
                0x0000004a       0x2d c:/eclipse/gnu tools arm embedded/7 2017-q4-major/bin/../lib/gcc/arm-none-eabi/7.2.1/../../../../arm-none-eabi/lib/thumb/v7-m\libc.a(lib_a-impure.o)
 .ARM.attributes
                0x00000077       0x2d c:/eclipse/gnu tools arm embedded/7 2017-q4-major/bin/../lib/gcc/arm-none-eabi/7.2.1/../../../../arm-none-eabi/lib/thumb/v7-m\libc.a(lib_a-__call_atexit.o)
 .ARM.attributes
                0x000000a4       0x2d c:/eclipse/gnu tools arm embedded/7 2017-q4-major/bin/../lib/gcc/arm-none-eabi/7.2.1/../../../../arm-none-eabi/lib/thumb/v7-m\libc.a(lib_a-atexit.o)
 .ARM.attributes
                0x000000d1       0x2d c:/eclipse/gnu tools arm embedded/7 2017-q4-major/bin/../lib/gcc/arm-none-eabi/7.2.1/../../../../arm-none-eabi/lib/thumb/v7-m\libc.a(lib_a-fini.o)
 .ARM.attributes
                0x000000fe       0x2d c:/eclipse/gnu tools arm embedded/7 2017-q4-major/bin/../lib/gcc/arm-none-eabi/7.2.1/../../../../arm-none-eabi/lib/thumb/v7-m\libc.a(lib_a-lock.o)
 .ARM.attributes
                0x0000012b       0x2d c:/eclipse/gnu tools arm embedded/7 2017-q4-major/bin/../lib/gcc/arm-none-eabi/7.2.1/../../../../arm-none-eabi/lib/thumb/v7-m\libc.a(lib_a-__atexit.o)
 .ARM.attributes
                0x00000158       0x21 ./startup/startup_stm32f10x_md.o
 .ARM.attributes
                0x00000179       0x33 ./src/lcd.o
 .ARM.attributes
                0x000001ac       0x33 ./src/main.o
 .ARM.attributes
                0x000001df       0x33 ./StdPeriph_Driver/src/stm32f10x_gpio.o
 .ARM.attributes
                0x00000212       0x33 ./StdPeriph_Driver/src/stm32f10x_rcc.o
 .ARM.attributes
                0x00000245       0x33 ./StdPeriph_Driver/src/stm32f10x_usart.o
 .ARM.attributes
                0x00000278       0x33 ./CMSIS/device/system_stm32f10x.o
 .ARM.attributes
                0x000002ab       0x1d c:/eclipse/gnu tools arm embedded/7 2017-q4-major/bin/../lib/gcc/arm-none-eabi/7.2.1/thumb/v7-m/crtn.o
OUTPUT(STM32F103_LCDx.elf elf32-littlearm)

.debug_frame    0x00000000     0x11c4
 .debug_frame   0x00000000       0x5c c:/eclipse/gnu tools arm embedded/7 2017-q4-major/bin/../lib/gcc/arm-none-eabi/7.2.1/../../../../arm-none-eabi/lib/thumb/v7-m\libc.a(lib_a-__call_atexit.o)
 .debug_frame   0x0000005c       0x20 c:/eclipse/gnu tools arm embedded/7 2017-q4-major/bin/../lib/gcc/arm-none-eabi/7.2.1/../../../../arm-none-eabi/lib/thumb/v7-m\libc.a(lib_a-atexit.o)
 .debug_frame   0x0000007c       0x34 c:/eclipse/gnu tools arm embedded/7 2017-q4-major/bin/../lib/gcc/arm-none-eabi/7.2.1/../../../../arm-none-eabi/lib/thumb/v7-m\libc.a(lib_a-fini.o)
 .debug_frame   0x000000b0       0xb0 c:/eclipse/gnu tools arm embedded/7 2017-q4-major/bin/../lib/gcc/arm-none-eabi/7.2.1/../../../../arm-none-eabi/lib/thumb/v7-m\libc.a(lib_a-lock.o)
 .debug_frame   0x00000160       0x34 c:/eclipse/gnu tools arm embedded/7 2017-q4-major/bin/../lib/gcc/arm-none-eabi/7.2.1/../../../../arm-none-eabi/lib/thumb/v7-m\libc.a(lib_a-__atexit.o)
 .debug_frame   0x00000194      0x168 ./src/lcd.o
 .debug_frame   0x000002fc      0x1dc ./src/main.o
 .debug_frame   0x000004d8      0x2d0 ./StdPeriph_Driver/src/stm32f10x_gpio.o
 .debug_frame   0x000007a8      0x4f4 ./StdPeriph_Driver/src/stm32f10x_rcc.o
 .debug_frame   0x00000c9c      0x490 ./StdPeriph_Driver/src/stm32f10x_usart.o
 .debug_frame   0x0000112c       0x98 ./CMSIS/device/system_stm32f10x.o

.debug_line     0x00000000     0x27f1
 .debug_line    0x00000000       0x7d ./startup/startup_stm32f10x_md.o
 .debug_line    0x0000007d      0x5c1 ./src/lcd.o
 .debug_line    0x0000063e      0x670 ./src/main.o
 .debug_line    0x00000cae      0x6ab ./StdPeriph_Driver/src/stm32f10x_gpio.o
 .debug_line    0x00001359      0x7a7 ./StdPeriph_Driver/src/stm32f10x_rcc.o
 .debug_line    0x00001b00      0x779 ./StdPeriph_Driver/src/stm32f10x_usart.o
 .debug_line    0x00002279      0x578 ./CMSIS/device/system_stm32f10x.o

.debug_info     0x00000000     0x2ba1
 .debug_info    0x00000000       0x22 ./startup/startup_stm32f10x_md.o
 .debug_info    0x00000022      0x3ab ./src/lcd.o
 .debug_info    0x000003cd      0xa18 ./src/main.o
 .debug_info    0x00000de5      0x6ec ./StdPeriph_Driver/src/stm32f10x_gpio.o
 .debug_info    0x000014d1      0x89c ./StdPeriph_Driver/src/stm32f10x_rcc.o
 .debug_info    0x00001d6d      0x9e4 ./StdPeriph_Driver/src/stm32f10x_usart.o
 .debug_info    0x00002751      0x450 ./CMSIS/device/system_stm32f10x.o

.debug_abbrev   0x00000000      0xb42
 .debug_abbrev  0x00000000       0x12 ./startup/startup_stm32f10x_md.o
 .debug_abbrev  0x00000012      0x17a ./src/lcd.o
 .debug_abbrev  0x0000018c      0x2cc ./src/main.o
 .debug_abbrev  0x00000458      0x1e4 ./StdPeriph_Driver/src/stm32f10x_gpio.o
 .debug_abbrev  0x0000063c      0x1d4 ./StdPeriph_Driver/src/stm32f10x_rcc.o
 .debug_abbrev  0x00000810      0x194 ./StdPeriph_Driver/src/stm32f10x_usart.o
 .debug_abbrev  0x000009a4      0x19e ./CMSIS/device/system_stm32f10x.o

.debug_aranges  0x00000000      0x408
 .debug_aranges
                0x00000000       0x28 ./startup/startup_stm32f10x_md.o
 .debug_aranges
                0x00000028       0x68 ./src/lcd.o
 .debug_aranges
                0x00000090       0x80 ./src/main.o
 .debug_aranges
                0x00000110       0xa8 ./StdPeriph_Driver/src/stm32f10x_gpio.o
 .debug_aranges
                0x000001b8      0x118 ./StdPeriph_Driver/src/stm32f10x_rcc.o
 .debug_aranges
                0x000002d0      0x100 ./StdPeriph_Driver/src/stm32f10x_usart.o
 .debug_aranges
                0x000003d0       0x38 ./CMSIS/device/system_stm32f10x.o

.debug_str      0x00000000    0x4f0cc
 .debug_str     0x00000000       0x60 ./startup/startup_stm32f10x_md.o
 .debug_str     0x00000060    0x4d2d0 ./src/lcd.o
                              0x4d474 (size before relaxing)
 .debug_str     0x0004d330      0x585 ./src/main.o
                              0x4d97f (size before relaxing)
 .debug_str     0x0004d8b5      0x4a1 ./StdPeriph_Driver/src/stm32f10x_gpio.o
                              0x4d79c (size before relaxing)
 .debug_str     0x0004dd56      0xb59 ./StdPeriph_Driver/src/stm32f10x_rcc.o
                              0x4dd82 (size before relaxing)
 .debug_str     0x0004e8af      0x76a ./StdPeriph_Driver/src/stm32f10x_usart.o
                              0x4daac (size before relaxing)
 .debug_str     0x0004f019       0xb3 ./CMSIS/device/system_stm32f10x.o
                              0x4d339 (size before relaxing)

.debug_ranges   0x00000000      0x3a0
 .debug_ranges  0x00000000       0x20 ./startup/startup_stm32f10x_md.o
 .debug_ranges  0x00000020       0x58 ./src/lcd.o
 .debug_ranges  0x00000078       0x70 ./src/main.o
 .debug_ranges  0x000000e8       0x98 ./StdPeriph_Driver/src/stm32f10x_gpio.o
 .debug_ranges  0x00000180      0x108 ./StdPeriph_Driver/src/stm32f10x_rcc.o
 .debug_ranges  0x00000288       0xf0 ./StdPeriph_Driver/src/stm32f10x_usart.o
 .debug_ranges  0x00000378       0x28 ./CMSIS/device/system_stm32f10x.o

.debug_macro    0x00000000     0xd6ae
 .debug_macro   0x00000000      0x184 ./src/lcd.o
 .debug_macro   0x00000184      0xa66 ./src/lcd.o
 .debug_macro   0x00000bea       0x56 ./src/lcd.o
 .debug_macro   0x00000c40       0x22 ./src/lcd.o
 .debug_macro   0x00000c62       0x22 ./src/lcd.o
 .debug_macro   0x00000c84       0x87 ./src/lcd.o
 .debug_macro   0x00000d0b       0x51 ./src/lcd.o
 .debug_macro   0x00000d5c       0xef ./src/lcd.o
 .debug_macro   0x00000e4b       0x6a ./src/lcd.o
 .debug_macro   0x00000eb5      0x1df ./src/lcd.o
 .debug_macro   0x00001094      0x69f ./src/lcd.o
 .debug_macro   0x00001733     0x7dbe ./src/lcd.o
 .debug_macro   0x000094f1      0x2df ./src/lcd.o
 .debug_macro   0x000097d0      0x144 ./src/lcd.o
 .debug_macro   0x00009914      0x3cf ./src/lcd.o
 .debug_macro   0x00009ce3       0xc8 ./src/lcd.o
 .debug_macro   0x00009dab      0x17a ./src/lcd.o
 .debug_macro   0x00009f25       0xac ./src/lcd.o
 .debug_macro   0x00009fd1      0x3ad ./src/lcd.o
 .debug_macro   0x0000a37e       0x9a ./src/lcd.o
 .debug_macro   0x0000a418      0x2cf ./src/lcd.o
 .debug_macro   0x0000a6e7      0x279 ./src/lcd.o
 .debug_macro   0x0000a960      0x2ac ./src/lcd.o
 .debug_macro   0x0000ac0c      0x2b1 ./src/lcd.o
 .debug_macro   0x0000aebd       0x64 ./src/lcd.o
 .debug_macro   0x0000af21       0x82 ./src/lcd.o
 .debug_macro   0x0000afa3      0x3e2 ./src/lcd.o
 .debug_macro   0x0000b385       0x58 ./src/lcd.o
 .debug_macro   0x0000b3dd      0x341 ./src/lcd.o
 .debug_macro   0x0000b71e      0x2c4 ./src/lcd.o
 .debug_macro   0x0000b9e2      0x711 ./src/lcd.o
 .debug_macro   0x0000c0f3      0x220 ./src/lcd.o
 .debug_macro   0x0000c313       0x34 ./src/lcd.o
 .debug_macro   0x0000c347       0x8b ./src/lcd.o
 .debug_macro   0x0000c3d2       0x35 ./src/lcd.o
 .debug_macro   0x0000c407       0x46 ./src/lcd.o
 .debug_macro   0x0000c44d      0x190 ./src/main.o
 .debug_macro   0x0000c5dd      0x1d3 ./StdPeriph_Driver/src/stm32f10x_gpio.o
 .debug_macro   0x0000c7b0      0x2a6 ./StdPeriph_Driver/src/stm32f10x_gpio.o
 .debug_macro   0x0000ca56      0x2a1 ./StdPeriph_Driver/src/stm32f10x_rcc.o
 .debug_macro   0x0000ccf7      0x3dc ./StdPeriph_Driver/src/stm32f10x_rcc.o
 .debug_macro   0x0000d0d3      0x239 ./StdPeriph_Driver/src/stm32f10x_usart.o
 .debug_macro   0x0000d30c      0x21a ./StdPeriph_Driver/src/stm32f10x_usart.o
 .debug_macro   0x0000d526      0x188 ./CMSIS/device/system_stm32f10x.o

.comment        0x00000000       0x7e
 .comment       0x00000000       0x7e ./src/lcd.o
                                 0x7f (size before relaxing)
 .comment       0x0000007e       0x7f ./src/main.o
 .comment       0x0000007e       0x7f ./StdPeriph_Driver/src/stm32f10x_gpio.o
 .comment       0x0000007e       0x7f ./StdPeriph_Driver/src/stm32f10x_rcc.o
 .comment       0x0000007e       0x7f ./StdPeriph_Driver/src/stm32f10x_usart.o
 .comment       0x0000007e       0x7f ./CMSIS/device/system_stm32f10x.o
